2021-11-28 09:33:51,211 - root - WARNING - stopping
2021-11-28 09:34:24,275 - root - WARNING - stopping
2021-11-28 09:36:36,249 - root - WARNING - stopping
2021-11-28 15:13:08,582 - root - WARNING - stopping
2021-11-28 15:14:22,427 - root - WARNING - stopping
2021-11-28 15:16:11,031 - root - WARNING - stopping
2021-11-28 15:22:39,025 - root - WARNING - stopping
